"blank"				"=========================="
"blank"				"ПЕРЕДВИЖЕНИЕ"
"blank"				"=========================="
"+forward"			"Вперед"
"+back"				"Назад"
"+moveleft"			"Стрейф влево"
"+moveright"		"Стрейф вправо"
"+jump"				"Прыжок"
"+duck"				"Присесть"
"+speed"           	"Идти"
"+moveup"			"Всплыть"
"+movedown"			"Погрузиться"
"blank"				"=========================="
"blank"				"ИНВЕНТАРЬ"
"blank"				"=========================="
"+medkit"			"Использовать аптечку"
"+battery"			"Использовать батарею"
"+soin"				"Выбор конечности для исцеления"
"blank"				"=========================="
"blank"				"ВЗАИМОДЕЙСТВИЯ"
"blank"				"=========================="
"+use"				"Использовать"
"impulse 100"		"Зажечь зажигалку"
"blank"				"=========================="
"blank"				"КАМЕРА"
"blank"				"=========================="
"+lookup"			"Посмотреть наверх"
"+lookdown"			"Посмотреть вниз"
"+left"				"Посмотреть налево"
"+right"			"Посмотреть направо"
"force_centerview"	"Смотреть прямо"
"+strafe"			"Модификатор стрейфа"
"+mlook"			"Модификатор осмотра мышью"
"+klook"			"Модификатор осмотра клавиатурой"
"blank"				"=========================="
"blank"				"БОЙ"
"blank"				"=========================="
"+attack"			"Основная атака"
"+attack2"			"Дополнительная атака"
"+reload"			"Перезарядка оружия"
"slot1"				"Оружейная категория 1"
"slot2"				"Оружейная категория 2"
"slot3" 			"Оружейная категория 3"
"slot4"				"Оружейная категория 4"
"slot5"				"Оружейная категория 5"
"invprev"			"Предыдущее оружие"
"invnext"			"Следующее оружие"
"lastinv"			"Последнее использованнное оружие"
"blank"				"=========================="
"blank"				"РАЗНОЕ"
"blank"				"=========================="
"snapshot"			"Сделать скриншот"
"save quick"		"Быстрое сохранение"
"load quick"		"Быстрая загрузка"
"pause"				"Пауза"
"quit"				"Выход"